>>> BaseGeometry = __import__('7-base_geometry').BaseGeometry
>>> bg = BaseGeometry()

# Test area method (should raise Exception)
>>> bg.area()
Traceback (most recent call last):
...
Exception: area() is not implemented

# Valid integer input
>>> bg.integer_validator("width", 5)

# Call integer_validator() with no arguments (should raise TypeError)
>>> bg.integer_validator()
Traceback (most recent call last):
...
TypeError: integer_validator() missing 2 required positional arguments: 'name' and 'value'

# Call integer_validator() with only one argument (should raise TypeError)
>>> bg.integer_validator("age")
Traceback (most recent call last):
...
TypeError: integer_validator() missing 1 required positional argument: 'value'

# Invalid inputs (should raise TypeError)
>>> bg.integer_validator("age", "30")
Traceback (most recent call last):
...
TypeError: age must be an integer

>>> bg.integer_validator("age", (4,))
Traceback (most recent call last):
...
TypeError: age must be an integer

>>> bg.integer_validator("age", [3])
Traceback (most recent call last):
...
TypeError: age must be an integer

>>> bg.integer_validator("age", {3, 4})
Traceback (most recent call last):
...
TypeError: age must be an integer

>>> bg.integer_validator("age", None)
Traceback (most recent call last):
...
TypeError: age must be an integer

>>> bg.integer_validator("age", True)
Traceback (most recent call last):
...
TypeError: age must be an integer

# Invalid values (should raise ValueError)
>>> bg.integer_validator("height", 0)
Traceback (most recent call last):
...
ValueError: height must be greater than 0

>>> bg.integer_validator("size", -10)
Traceback (most recent call last):
...
ValueError: size must be greater than 0
